// Jest Snapshot v1, https://goo.gl/fbAQLP

exports[`OverlayFooter component 
  
 1`] = `
<DocumentFragment>
  <div
    class="OverlayFooter"
    data-test="DesignSystem-OverlayFooter"
  >
    <button
      class="Button Button--regular Button--basic Button--iconAlign-left"
      data-test="DesignSystem-Button"
      tabindex="0"
    >
      <span
        class="Button-text"
      >
        Basic
      </span>
    </button>
    <button
      class="Button Button--regular Button--primary Button--iconAlign-left"
      data-test="DesignSystem-Button"
      tabindex="0"
    >
      <span
        class="Button-text"
      >
        Primary
      </span>
    </button>
  </div>
</DocumentFragment>
`;
