// Jest Snapshot v1, https://goo.gl/fbAQLP

exports[`Icon component snapshot 
  name: "events", size: 50, appearance: "accent1", onClick: "[Function]"
 1`] = `
<body>
  <div>
    <i
      class="material-symbols material-symbols-rounded Icon Icon--accent1"
      data-test="DesignSystem-Icon"
      role="button"
      style="font-size: 50px; width: 50px;"
      tabindex="0"
    >
      events
    </i>
  </div>
</body>
`;

exports[`Icon component snapshot 
  name: "events", size: 50, appearance: "accent1_dark", onClick: "[Function]"
 1`] = `
<body>
  <div>
    <i
      class="material-symbols material-symbols-rounded Icon Icon--accent1Dark"
      data-test="DesignSystem-Icon"
      role="button"
      style="font-size: 50px; width: 50px;"
      tabindex="0"
    >
      events
    </i>
  </div>
</body>
`;

exports[`Icon component snapshot 
  name: "events", size: 50, appearance: "accent1_darker", onClick: "[Function]"
 1`] = `
<body>
  <div>
    <i
      class="material-symbols material-symbols-rounded Icon Icon--accent1Darker"
      data-test="DesignSystem-Icon"
      role="button"
      style="font-size: 50px; width: 50px;"
      tabindex="0"
    >
      events
    </i>
  </div>
</body>
`;

exports[`Icon component snapshot 
  name: "events", size: 50, appearance: "accent1_lighter", onClick: "[Function]"
 1`] = `
<body>
  <div>
    <i
      class="material-symbols material-symbols-rounded Icon Icon--accent1Lighter"
      data-test="DesignSystem-Icon"
      role="button"
      style="font-size: 50px; width: 50px;"
      tabindex="0"
    >
      events
    </i>
  </div>
</body>
`;

exports[`Icon component snapshot 
  name: "events", size: 50, appearance: "accent2", onClick: "[Function]"
 1`] = `
<body>
  <div>
    <i
      class="material-symbols material-symbols-rounded Icon Icon--accent2"
      data-test="DesignSystem-Icon"
      role="button"
      style="font-size: 50px; width: 50px;"
      tabindex="0"
    >
      events
    </i>
  </div>
</body>
`;

exports[`Icon component snapshot 
  name: "events", size: 50, appearance: "accent2_dark", onClick: "[Function]"
 1`] = `
<body>
  <div>
    <i
      class="material-symbols material-symbols-rounded Icon Icon--accent2Dark"
      data-test="DesignSystem-Icon"
      role="button"
      style="font-size: 50px; width: 50px;"
      tabindex="0"
    >
      events
    </i>
  </div>
</body>
`;

exports[`Icon component snapshot 
  name: "events", size: 50, appearance: "accent2_darker", onClick: "[Function]"
 1`] = `
<body>
  <div>
    <i
      class="material-symbols material-symbols-rounded Icon Icon--accent2Darker"
      data-test="DesignSystem-Icon"
      role="button"
      style="font-size: 50px; width: 50px;"
      tabindex="0"
    >
      events
    </i>
  </div>
</body>
`;

exports[`Icon component snapshot 
  name: "events", size: 50, appearance: "accent2_lighter", onClick: "[Function]"
 1`] = `
<body>
  <div>
    <i
      class="material-symbols material-symbols-rounded Icon Icon--accent2Lighter"
      data-test="DesignSystem-Icon"
      role="button"
      style="font-size: 50px; width: 50px;"
      tabindex="0"
    >
      events
    </i>
  </div>
</body>
`;

exports[`Icon component snapshot 
  name: "events", size: 50, appearance: "accent3", onClick: "[Function]"
 1`] = `
<body>
  <div>
    <i
      class="material-symbols material-symbols-rounded Icon Icon--accent3"
      data-test="DesignSystem-Icon"
      role="button"
      style="font-size: 50px; width: 50px;"
      tabindex="0"
    >
      events
    </i>
  </div>
</body>
`;

exports[`Icon component snapshot 
  name: "events", size: 50, appearance: "accent3_dark", onClick: "[Function]"
 1`] = `
<body>
  <div>
    <i
      class="material-symbols material-symbols-rounded Icon Icon--accent3Dark"
      data-test="DesignSystem-Icon"
      role="button"
      style="font-size: 50px; width: 50px;"
      tabindex="0"
    >
      events
    </i>
  </div>
</body>
`;

exports[`Icon component snapshot 
  name: "events", size: 50, appearance: "accent3_darker", onClick: "[Function]"
 1`] = `
<body>
  <div>
    <i
      class="material-symbols material-symbols-rounded Icon Icon--accent3Darker"
      data-test="DesignSystem-Icon"
      role="button"
      style="font-size: 50px; width: 50px;"
      tabindex="0"
    >
      events
    </i>
  </div>
</body>
`;

exports[`Icon component snapshot 
  name: "events", size: 50, appearance: "accent3_lighter", onClick: "[Function]"
 1`] = `
<body>
  <div>
    <i
      class="material-symbols material-symbols-rounded Icon Icon--accent3Lighter"
      data-test="DesignSystem-Icon"
      role="button"
      style="font-size: 50px; width: 50px;"
      tabindex="0"
    >
      events
    </i>
  </div>
</body>
`;

exports[`Icon component snapshot 
  name: "events", size: 50, appearance: "accent4", onClick: "[Function]"
 1`] = `
<body>
  <div>
    <i
      class="material-symbols material-symbols-rounded Icon Icon--accent4"
      data-test="DesignSystem-Icon"
      role="button"
      style="font-size: 50px; width: 50px;"
      tabindex="0"
    >
      events
    </i>
  </div>
</body>
`;

exports[`Icon component snapshot 
  name: "events", size: 50, appearance: "accent4_dark", onClick: "[Function]"
 1`] = `
<body>
  <div>
    <i
      class="material-symbols material-symbols-rounded Icon Icon--accent4Dark"
      data-test="DesignSystem-Icon"
      role="button"
      style="font-size: 50px; width: 50px;"
      tabindex="0"
    >
      events
    </i>
  </div>
</body>
`;

exports[`Icon component snapshot 
  name: "events", size: 50, appearance: "accent4_darker", onClick: "[Function]"
 1`] = `
<body>
  <div>
    <i
      class="material-symbols material-symbols-rounded Icon Icon--accent4Darker"
      data-test="DesignSystem-Icon"
      role="button"
      style="font-size: 50px; width: 50px;"
      tabindex="0"
    >
      events
    </i>
  </div>
</body>
`;

exports[`Icon component snapshot 
  name: "events", size: 50, appearance: "accent4_lighter", onClick: "[Function]"
 1`] = `
<body>
  <div>
    <i
      class="material-symbols material-symbols-rounded Icon Icon--accent4Lighter"
      data-test="DesignSystem-Icon"
      role="button"
      style="font-size: 50px; width: 50px;"
      tabindex="0"
    >
      events
    </i>
  </div>
</body>
`;

exports[`Icon component snapshot 
  name: "events", size: 50, appearance: "alert", onClick: "[Function]"
 1`] = `
<body>
  <div>
    <i
      class="material-symbols material-symbols-rounded Icon Icon--alert"
      data-test="DesignSystem-Icon"
      role="button"
      style="font-size: 50px; width: 50px;"
      tabindex="0"
    >
      events
    </i>
  </div>
</body>
`;

exports[`Icon component snapshot 
  name: "events", size: 50, appearance: "alert_dark", onClick: "[Function]"
 1`] = `
<body>
  <div>
    <i
      class="material-symbols material-symbols-rounded Icon Icon--alertDark"
      data-test="DesignSystem-Icon"
      role="button"
      style="font-size: 50px; width: 50px;"
      tabindex="0"
    >
      events
    </i>
  </div>
</body>
`;

exports[`Icon component snapshot 
  name: "events", size: 50, appearance: "alert_darker", onClick: "[Function]"
 1`] = `
<body>
  <div>
    <i
      class="material-symbols material-symbols-rounded Icon Icon--alertDarker"
      data-test="DesignSystem-Icon"
      role="button"
      style="font-size: 50px; width: 50px;"
      tabindex="0"
    >
      events
    </i>
  </div>
</body>
`;

exports[`Icon component snapshot 
  name: "events", size: 50, appearance: "alert_lighter", onClick: "[Function]"
 1`] = `
<body>
  <div>
    <i
      class="material-symbols material-symbols-rounded Icon Icon--alertLighter"
      data-test="DesignSystem-Icon"
      role="button"
      style="font-size: 50px; width: 50px;"
      tabindex="0"
    >
      events
    </i>
  </div>
</body>
`;

exports[`Icon component snapshot 
  name: "events", size: 50, appearance: "destructive", onClick: "[Function]"
 1`] = `
<body>
  <div>
    <i
      class="material-symbols material-symbols-rounded Icon Icon--destructive"
      data-test="DesignSystem-Icon"
      role="button"
      style="font-size: 50px; width: 50px;"
      tabindex="0"
    >
      events
    </i>
  </div>
</body>
`;

exports[`Icon component snapshot 
  name: "events", size: 50, appearance: "disabled", onClick: "[Function]"
 1`] = `
<body>
  <div>
    <i
      class="material-symbols material-symbols-rounded Icon Icon--disabled"
      data-test="DesignSystem-Icon"
      role="button"
      style="font-size: 50px; width: 50px;"
      tabindex="0"
    >
      events
    </i>
  </div>
</body>
`;

exports[`Icon component snapshot 
  name: "events", size: 50, appearance: "info", onClick: "[Function]"
 1`] = `
<body>
  <div>
    <i
      class="material-symbols material-symbols-rounded Icon Icon--info"
      data-test="DesignSystem-Icon"
      role="button"
      style="font-size: 50px; width: 50px;"
      tabindex="0"
    >
      events
    </i>
  </div>
</body>
`;

exports[`Icon component snapshot 
  name: "events", size: 50, appearance: "inverse", onClick: "[Function]"
 1`] = `
<body>
  <div>
    <i
      class="material-symbols material-symbols-rounded Icon Icon--inverse"
      data-test="DesignSystem-Icon"
      role="button"
      style="font-size: 50px; width: 50px;"
      tabindex="0"
    >
      events
    </i>
  </div>
</body>
`;

exports[`Icon component snapshot 
  name: "events", size: 50, appearance: "primary", onClick: "[Function]"
 1`] = `
<body>
  <div>
    <i
      class="material-symbols material-symbols-rounded Icon Icon--primary"
      data-test="DesignSystem-Icon"
      role="button"
      style="font-size: 50px; width: 50px;"
      tabindex="0"
    >
      events
    </i>
  </div>
</body>
`;

exports[`Icon component snapshot 
  name: "events", size: 50, appearance: "primary_dark", onClick: "[Function]"
 1`] = `
<body>
  <div>
    <i
      class="material-symbols material-symbols-rounded Icon Icon--primaryDark"
      data-test="DesignSystem-Icon"
      role="button"
      style="font-size: 50px; width: 50px;"
      tabindex="0"
    >
      events
    </i>
  </div>
</body>
`;

exports[`Icon component snapshot 
  name: "events", size: 50, appearance: "primary_darker", onClick: "[Function]"
 1`] = `
<body>
  <div>
    <i
      class="material-symbols material-symbols-rounded Icon Icon--primaryDarker"
      data-test="DesignSystem-Icon"
      role="button"
      style="font-size: 50px; width: 50px;"
      tabindex="0"
    >
      events
    </i>
  </div>
</body>
`;

exports[`Icon component snapshot 
  name: "events", size: 50, appearance: "primary_lighter", onClick: "[Function]"
 1`] = `
<body>
  <div>
    <i
      class="material-symbols material-symbols-rounded Icon Icon--primaryLighter"
      data-test="DesignSystem-Icon"
      role="button"
      style="font-size: 50px; width: 50px;"
      tabindex="0"
    >
      events
    </i>
  </div>
</body>
`;

exports[`Icon component snapshot 
  name: "events", size: 50, appearance: "subtle", onClick: "[Function]"
 1`] = `
<body>
  <div>
    <i
      class="material-symbols material-symbols-rounded Icon Icon--subtle"
      data-test="DesignSystem-Icon"
      role="button"
      style="font-size: 50px; width: 50px;"
      tabindex="0"
    >
      events
    </i>
  </div>
</body>
`;

exports[`Icon component snapshot 
  name: "events", size: 50, appearance: "success", onClick: "[Function]"
 1`] = `
<body>
  <div>
    <i
      class="material-symbols material-symbols-rounded Icon Icon--success"
      data-test="DesignSystem-Icon"
      role="button"
      style="font-size: 50px; width: 50px;"
      tabindex="0"
    >
      events
    </i>
  </div>
</body>
`;

exports[`Icon component snapshot 
  name: "events", size: 50, appearance: "success_dark", onClick: "[Function]"
 1`] = `
<body>
  <div>
    <i
      class="material-symbols material-symbols-rounded Icon Icon--successDark"
      data-test="DesignSystem-Icon"
      role="button"
      style="font-size: 50px; width: 50px;"
      tabindex="0"
    >
      events
    </i>
  </div>
</body>
`;

exports[`Icon component snapshot 
  name: "events", size: 50, appearance: "success_darker", onClick: "[Function]"
 1`] = `
<body>
  <div>
    <i
      class="material-symbols material-symbols-rounded Icon Icon--successDarker"
      data-test="DesignSystem-Icon"
      role="button"
      style="font-size: 50px; width: 50px;"
      tabindex="0"
    >
      events
    </i>
  </div>
</body>
`;

exports[`Icon component snapshot 
  name: "events", size: 50, appearance: "success_lighter", onClick: "[Function]"
 1`] = `
<body>
  <div>
    <i
      class="material-symbols material-symbols-rounded Icon Icon--successLighter"
      data-test="DesignSystem-Icon"
      role="button"
      style="font-size: 50px; width: 50px;"
      tabindex="0"
    >
      events
    </i>
  </div>
</body>
`;

exports[`Icon component snapshot 
  name: "events", size: 50, appearance: "warning", onClick: "[Function]"
 1`] = `
<body>
  <div>
    <i
      class="material-symbols material-symbols-rounded Icon Icon--warning"
      data-test="DesignSystem-Icon"
      role="button"
      style="font-size: 50px; width: 50px;"
      tabindex="0"
    >
      events
    </i>
  </div>
</body>
`;

exports[`Icon component snapshot 
  name: "events", size: 50, appearance: "warning_dark", onClick: "[Function]"
 1`] = `
<body>
  <div>
    <i
      class="material-symbols material-symbols-rounded Icon Icon--warningDark"
      data-test="DesignSystem-Icon"
      role="button"
      style="font-size: 50px; width: 50px;"
      tabindex="0"
    >
      events
    </i>
  </div>
</body>
`;

exports[`Icon component snapshot 
  name: "events", size: 50, appearance: "warning_darker", onClick: "[Function]"
 1`] = `
<body>
  <div>
    <i
      class="material-symbols material-symbols-rounded Icon Icon--warningDarker"
      data-test="DesignSystem-Icon"
      role="button"
      style="font-size: 50px; width: 50px;"
      tabindex="0"
    >
      events
    </i>
  </div>
</body>
`;

exports[`Icon component snapshot 
  name: "events", size: 50, appearance: "warning_lighter", onClick: "[Function]"
 1`] = `
<body>
  <div>
    <i
      class="material-symbols material-symbols-rounded Icon Icon--warningLighter"
      data-test="DesignSystem-Icon"
      role="button"
      style="font-size: 50px; width: 50px;"
      tabindex="0"
    >
      events
    </i>
  </div>
</body>
`;

exports[`Icon component snapshot 
  name: "events", size: 50, appearance: "white", onClick: "[Function]"
 1`] = `
<body>
  <div>
    <i
      class="material-symbols material-symbols-rounded Icon Icon--white"
      data-test="DesignSystem-Icon"
      role="button"
      style="font-size: 50px; width: 50px;"
      tabindex="0"
    >
      events
    </i>
  </div>
</body>
`;

exports[`Icon component snapshot 
  name: "events", size: 50, type: "filled", onClick: "[Function]"
 1`] = `
<body>
  <div>
    <i
      class="material-symbols material-symbols-rounded Icon"
      data-test="DesignSystem-Icon"
      role="button"
      style="font-size: 50px; width: 50px;"
      tabindex="0"
    >
      events
    </i>
  </div>
</body>
`;

exports[`Icon component snapshot 
  name: "events", size: 50, type: "outline", onClick: "[Function]"
 1`] = `
<body>
  <div>
    <i
      class="material-symbols material-symbols-outlined Icon"
      data-test="DesignSystem-Icon"
      role="button"
      style="font-size: 50px; width: 50px;"
      tabindex="0"
    >
      events
    </i>
  </div>
</body>
`;

exports[`Icon component snapshot 
  name: "events", size: 50, type: "outlined", onClick: "[Function]"
 1`] = `
<body>
  <div>
    <i
      class="material-symbols material-symbols-outlined Icon"
      data-test="DesignSystem-Icon"
      role="button"
      style="font-size: 50px; width: 50px;"
      tabindex="0"
    >
      events
    </i>
  </div>
</body>
`;

exports[`Icon component snapshot 
  name: "events", size: 50, type: "round", onClick: "[Function]"
 1`] = `
<body>
  <div>
    <i
      class="material-symbols material-symbols-rounded Icon"
      data-test="DesignSystem-Icon"
      role="button"
      style="font-size: 50px; width: 50px;"
      tabindex="0"
    >
      events
    </i>
  </div>
</body>
`;

exports[`Icon component snapshot 
  name: "events", size: 50, type: "rounded", onClick: "[Function]"
 1`] = `
<body>
  <div>
    <i
      class="material-symbols material-symbols-rounded Icon"
      data-test="DesignSystem-Icon"
      role="button"
      style="font-size: 50px; width: 50px;"
      tabindex="0"
    >
      events
    </i>
  </div>
</body>
`;

exports[`Icon component snapshot 
  name: "events", size: 50, type: "sharp", onClick: "[Function]"
 1`] = `
<body>
  <div>
    <i
      class="material-symbols material-symbols-outlined Icon"
      data-test="DesignSystem-Icon"
      role="button"
      style="font-size: 50px; width: 50px;"
      tabindex="0"
    >
      events
    </i>
  </div>
</body>
`;

exports[`Icon component snapshot 
  name: "events", size: 50, type: "two-tone", onClick: "[Function]"
 1`] = `
<body>
  <div>
    <i
      class="material-symbols material-symbols-rounded Icon"
      data-test="DesignSystem-Icon"
      role="button"
      style="font-size: 50px; width: 50px;"
      tabindex="0"
    >
      events
    </i>
  </div>
</body>
`;
