// Jest Snapshot v1, https://goo.gl/fbAQLP

exports[`ActionButton component 
  name: "events", size: 16, onClick: "[Function]"
 1`] = `
<body>
  <div>
    <i
      class="material-symbols material-symbols-rounded Icon ActionButton"
      data-test="DesignSystem-Input-ActionButton"
      role="button"
      style="font-size: 16px; width: 16px;"
      tabindex="0"
    >
      events
    </i>
  </div>
</body>
`;

exports[`ActionButton component 
  name: "events", size: 16, type: "outlined", onClick: "[Function]"
 1`] = `
<body>
  <div>
    <i
      class="material-symbols material-symbols-outlined Icon ActionButton"
      data-test="DesignSystem-Input-ActionButton"
      role="button"
      style="font-size: 16px; width: 16px;"
      tabindex="0"
    >
      events
    </i>
  </div>
</body>
`;

exports[`ActionButton component 
  name: "events", size: 16, type: "rounded", onClick: "[Function]"
 1`] = `
<body>
  <div>
    <i
      class="material-symbols material-symbols-rounded Icon ActionButton"
      data-test="DesignSystem-Input-ActionButton"
      role="button"
      style="font-size: 16px; width: 16px;"
      tabindex="0"
    >
      events
    </i>
  </div>
</body>
`;
