// Jest Snapshot v1, https://goo.gl/fbAQLP

exports[`OverlayHeader component 
  heading: "Modal header", subHeading: "Modal subheading", backButton: true, backButtonCallback: "[Function]"
 1`] = `
<DocumentFragment>
  <div
    class="OverlayHeader OverlayHeader--withBackButton"
    data-test="DesignSystem-OverlayHeader"
  >
    <div
      class="OverlayHeader-headerWrapper"
    >
      <button
        class="Button Button--regular Button--regularSquare Button--transparent mr-4"
        data-test="DesignSystem-OverlayHeader--Button"
        tabindex="0"
      >
        <div
          class="Button-icon"
          data-test="DesignSystem-Button--Icon-Wrapper"
        >
          <i
            class="material-symbols material-symbols-rounded Icon"
            data-test="DesignSystem-Button--Icon"
            role="button"
            style="font-size: 20px; width: 20px;"
          >
            arrow_back
          </i>
        </div>
      </button>
      <h4
        class="Heading Heading--m Heading--default"
        data-test="DesignSystem-OverlayHeader--heading"
      >
        Modal header
      </h4>
    </div>
    <span
      class="Text Text--subtle Text--regular OverlayHeader-subheading OverlayHeader-subheading--withBackButton"
      data-test="DesignSystem-OverlayHeader--Subheading"
    >
      Modal subheading
    </span>
  </div>
</DocumentFragment>
`;
